\BOOKMARK [0][-]{Doc-Start}{\376\377\000H\000A\000L\000A\000M\000A\000N\000\040\000J\000U\000D\000U\000L}{}% 1
\BOOKMARK [0][-]{section*.2}{\376\377\000L\000E\000M\000B\000A\000R\000\040\000P\000E\000N\000G\000E\000S\000A\000H\000A\000N}{}% 2
\BOOKMARK [0][-]{section*.5}{\376\377\000A\000B\000S\000T\000R\000A\000K}{}% 3
\BOOKMARK [0][-]{section*.7}{\376\377\000A\000B\000S\000T\000R\000A\000C\000T}{}% 4
\BOOKMARK [0][-]{section*.9}{\376\377\000D\000A\000F\000T\000A\000R\000\040\000I\000S\000I}{}% 5
\BOOKMARK [0][-]{section*.10}{\376\377\000D\000A\000F\000T\000A\000R\000\040\000G\000A\000M\000B\000A\000R}{}% 6
\BOOKMARK [0][-]{section*.12}{\376\377\000D\000A\000F\000T\000A\000R\000\040\000T\000A\000B\000E\000L}{}% 7
\BOOKMARK [0][-]{chapter.1}{\376\377\000P\000E\000N\000D\000A\000H\000U\000L\000U\000A\000N}{}% 8
\BOOKMARK [1][-]{section.1.1}{\376\377\000L\000a\000t\000a\000r\000\040\000B\000e\000l\000a\000k\000a\000n\000g}{chapter.1}% 9
\BOOKMARK [1][-]{section.1.2}{\376\377\000R\000u\000m\000u\000s\000a\000n\000\040\000M\000a\000s\000a\000l\000a\000h}{chapter.1}% 10
\BOOKMARK [1][-]{section.1.3}{\376\377\000T\000u\000j\000u\000a\000n\000\040\000P\000e\000n\000e\000l\000i\000t\000i\000a\000n}{chapter.1}% 11
\BOOKMARK [1][-]{section.1.4}{\376\377\000B\000a\000t\000a\000s\000a\000n\000\040\000P\000e\000n\000e\000l\000i\000t\000i\000a\000n}{chapter.1}% 12
\BOOKMARK [1][-]{section.1.5}{\376\377\000K\000o\000n\000t\000r\000i\000b\000u\000s\000i\000\040\000P\000e\000n\000e\000l\000i\000t\000i\000a\000n}{chapter.1}% 13
\BOOKMARK [1][-]{section.1.6}{\376\377\000O\000r\000i\000g\000i\000n\000a\000l\000i\000t\000a\000s\000\040\000P\000e\000n\000e\000l\000i\000t\000i\000a\000n}{chapter.1}% 14
\BOOKMARK [1][-]{section.1.7}{\376\377\000M\000a\000n\000f\000a\000a\000t\000\040\000P\000e\000n\000e\000l\000i\000t\000i\000a\000n}{chapter.1}% 15
\BOOKMARK [2][-]{subsection.1.7.1}{\376\377\000M\000a\000n\000f\000a\000a\000t\000\040\000T\000e\000o\000r\000i\000t\000i\000s}{section.1.7}% 16
\BOOKMARK [2][-]{subsection.1.7.2}{\376\377\000M\000a\000n\000f\000a\000a\000t\000\040\000P\000r\000a\000k\000t\000i\000s}{section.1.7}% 17
\BOOKMARK [1][-]{section.1.8}{\376\377\000K\000e\000r\000a\000n\000g\000k\000a\000\040\000d\000a\000n\000\040\000P\000e\000t\000a\000\040\000J\000a\000l\000a\000n\000\040\000P\000e\000n\000e\000l\000i\000t\000i\000a\000n}{chapter.1}% 18
\BOOKMARK [2][-]{subsection.1.8.1}{\376\377\000F\000i\000s\000h\000b\000o\000n\000e\000\040\000D\000i\000a\000g\000r\000a\000m\000\040\000P\000e\000n\000e\000l\000i\000t\000i\000a\000n}{section.1.8}% 19
\BOOKMARK [2][-]{subsection.1.8.2}{\376\377\000P\000e\000t\000a\000\040\000J\000a\000l\000a\000n\000\040\000P\000e\000n\000e\000l\000i\000t\000i\000a\000n}{section.1.8}% 20
\BOOKMARK [1][-]{section.1.9}{\376\377\000S\000i\000s\000t\000e\000m\000a\000t\000i\000k\000a\000\040\000P\000e\000n\000u\000l\000i\000s\000a\000n}{chapter.1}% 21
\BOOKMARK [1][-]{section.1.10}{\376\377\000R\000u\000m\000u\000s\000a\000n\000\040\000M\000a\000s\000a\000l\000a\000h}{chapter.1}% 22
\BOOKMARK [1][-]{section.1.11}{\376\377\000T\000u\000j\000u\000a\000n\000\040\000P\000e\000n\000e\000l\000i\000t\000i\000a\000n}{chapter.1}% 23
\BOOKMARK [2][-]{subsection.1.11.1}{\376\377\000T\000u\000j\000u\000a\000n\000\040\000P\000e\000n\000e\000l\000i\000t\000i\000a\000n}{section.1.11}% 24
\BOOKMARK [2][-]{subsection.1.11.2}{\376\377\000T\000u\000j\000u\000a\000n\000\040\000P\000e\000n\000e\000l\000i\000t\000i\000a\000n}{section.1.11}% 25
\BOOKMARK [1][-]{section.1.12}{\376\377\000B\000a\000t\000a\000s\000a\000n\000\040\000P\000e\000n\000e\000l\000i\000t\000i\000a\000n}{chapter.1}% 26
\BOOKMARK [1][-]{section.1.13}{\376\377\000K\000o\000n\000t\000r\000i\000b\000u\000s\000i\000\040\000P\000e\000n\000e\000l\000i\000t\000i\000a\000n}{chapter.1}% 27
\BOOKMARK [1][-]{section.1.14}{\376\377\000S\000i\000s\000t\000e\000m\000a\000t\000i\000k\000a\000\040\000P\000e\000n\000u\000l\000i\000s\000a\000n}{chapter.1}% 28
\BOOKMARK [1][-]{section.1.15}{\376\377\000S\000i\000s\000t\000e\000m\000a\000t\000i\000k\000a\000\040\000P\000e\000n\000u\000l\000i\000s\000a\000n}{chapter.1}% 29
\BOOKMARK [1][-]{section.1.16}{\376\377\000S\000i\000s\000t\000e\000m\000a\000t\000i\000k\000a\000\040\000P\000e\000n\000u\000l\000i\000s\000a\000n}{chapter.1}% 30
\BOOKMARK [1][-]{section.1.17}{\376\377\000S\000i\000s\000t\000e\000m\000a\000t\000i\000k\000a\000\040\000P\000e\000n\000u\000l\000i\000s\000a\000n}{chapter.1}% 31
\BOOKMARK [1][-]{section.1.18}{\376\377\000S\000i\000s\000t\000e\000m\000a\000t\000i\000k\000a\000\040\000P\000e\000n\000u\000l\000i\000s\000a\000n}{chapter.1}% 32
\BOOKMARK [1][-]{section.1.19}{\376\377\000S\000i\000s\000t\000e\000m\000a\000t\000i\000k\000a\000\040\000P\000e\000n\000u\000l\000i\000s\000a\000n}{chapter.1}% 33
\BOOKMARK [0][-]{chapter.2}{\376\377\000K\000A\000J\000I\000A\000N\000\040\000P\000U\000S\000T\000A\000K\000A\000N\000\040\000D\000A\000N\000\040\000D\000A\000S\000A\000R\000\040\000T\000E\000O\000R\000I}{}% 34
\BOOKMARK [1][-]{section.2.1}{\376\377\000L\000a\000t\000a\000r\000\040\000B\000e\000l\000a\000k\000a\000n\000g}{chapter.2}% 35
\BOOKMARK [1][-]{section.2.2}{\376\377\000L\000a\000t\000a\000r\000\040\000B\000e\000l\000a\000k\000a\000n\000g}{chapter.2}% 36
\BOOKMARK [1][-]{section.2.3}{\376\377\000L\000a\000t\000a\000r\000\040\000B\000e\000l\000a\000k\000a\000n\000g}{chapter.2}% 37
\BOOKMARK [1][-]{section.2.4}{\376\377\000L\000a\000t\000a\000r\000\040\000B\000e\000l\000a\000k\000a\000n\000g}{chapter.2}% 38
\BOOKMARK [1][-]{section.2.5}{\376\377\000L\000a\000t\000a\000r\000\040\000B\000e\000l\000a\000k\000a\000n\000g}{chapter.2}% 39
\BOOKMARK [0][-]{chapter.3}{\376\377\000M\000E\000T\000O\000D\000E\000\040\000P\000E\000N\000E\000L\000I\000T\000I\000A\000N}{}% 40
\BOOKMARK [1][-]{section.3.1}{\376\377\000L\000a\000t\000a\000r\000\040\000B\000e\000l\000a\000k\000a\000n\000g}{chapter.3}% 41
\BOOKMARK [1][-]{section.3.2}{\376\377\000L\000a\000t\000a\000r\000\040\000B\000e\000l\000a\000k\000a\000n\000g}{chapter.3}% 42
\BOOKMARK [1][-]{section.3.3}{\376\377\000L\000a\000t\000a\000r\000\040\000B\000e\000l\000a\000k\000a\000n\000g}{chapter.3}% 43
\BOOKMARK [1][-]{section.3.4}{\376\377\000L\000a\000t\000a\000r\000\040\000B\000e\000l\000a\000k\000a\000n\000g}{chapter.3}% 44
\BOOKMARK [1][-]{section.3.5}{\376\377\000L\000a\000t\000a\000r\000\040\000B\000e\000l\000a\000k\000a\000n\000g}{chapter.3}% 45
\BOOKMARK [1][-]{section.3.6}{\376\377\000L\000a\000t\000a\000r\000\040\000B\000e\000l\000a\000k\000a\000n\000g}{chapter.3}% 46
\BOOKMARK [0][-]{chapter*.21}{\376\377\000D\000A\000F\000T\000A\000R\000\040\000P\000U\000S\000T\000A\000K\000A}{}% 47
